// Jest Snapshot v1, https://goo.gl/fbAQLP

exports[`Login Component Tests matches the UI snapshot 1`] = `
<div>
  <div
    style="background-color: rgb(166, 189, 255); min-height: 100vh; display: flex; justify-content: center; align-items: center;"
  >
    <a
      href="/"
      style="position: absolute; top: 50px; left: 100px; color: rgb(79, 107, 237); text-decoration: none; font-weight: 500; font-size: 0.95rem;"
    >
      ‚Üê Back to Home Page
    </a>
    <div
      style="width: 100%; max-width: 420px; background-color: white; padding: 30px; border-radius: 12px; box-shadow: 0 0 20px rgba(0,0,0,0.1);"
    >
      <div
        class="text-center mb-4"
      >
        <h4
          class="mt-3 mb-1"
        >
          Sign in to Maliyah
        </h4>
        <p
          style="font-size: 0.9rem; color: rgb(102, 102, 102);"
        >
          Enter your details to access your account
        </p>
      </div>
      <form>
        <div
          class="mb-3"
        >
          <label
            class="form-label"
            for="email"
          >
            Email
          </label>
          <input
            class="form-control"
            id="email"
            name="email"
            placeholder="Enter your email"
            type="email"
          />
          <div
            class="invalid-feedback"
          />
        </div>
        <div
          class="mb-3"
        >
          <label
            class="form-label"
            for="password"
          >
            Password
          </label>
          <input
            class="form-control"
            id="password"
            name="password"
            placeholder="Enter your password"
            type="password"
          />
          <div
            class="invalid-feedback"
          />
        </div>
        <button
          class="form-control mb-3 btn btn-primary"
          color="primary"
          style="background-color: rgb(79, 107, 237);"
          type="submit"
        >
          Sign In
        </button>
        <div
          class="text-center mt-3"
        >
          <span
            class="text-muted"
          >
            <a
              class="text-decoration-none"
              href="/forgot-password"
            >
              Forgot Password?
            </a>
          </span>
        </div>
        <div
          class="text-center mt-3"
        >
          <small>
            Don't have an account?
             
            <a
              href="/register"
              style="color: rgb(79, 107, 237);"
            >
              Sign Up Now
            </a>
          </small>
          <span
            class="text-muted"
          />
        </div>
      </form>
    </div>
  </div>
</div>
`;
